// Jest Snapshot v1, https://goo.gl/fbAQLP

exports[`<jira id>: RCINT-8557: 
    When contactMatches' length equals to 0 and prop enableContactFallback is false
    Then ContactDisplay display its phone number
   1`] = `
<div
  className="root"
>
  <div
    className="currentName"
    title="(209) 231-2939"
  >
    (209) 231-2939
  </div>
</div>
`;

exports[`<jira id>: RCINT-8557: 
    When contactMatches' length equals to 0 and prop enableContactFallback is false and phone number is undefined
    Then ContactDisplay display string 'Anonymous'
   1`] = `
<div
  className="root"
>
  <div
    className="currentName"
    title=""
  >
    Anonymous
  </div>
</div>
`;

exports[`<jira id>: RCINT-8557: 
    When contactMatches' length equals to 0 and prop enableContactFallback is true
    Then ContactDisplay display its props - fallBackName
   1`] = `
<div
  className="root"
>
  <div
    className="currentName"
    title="fallBackName"
  >
    fallBackName
  </div>
</div>
`;

exports[`<jira id>: RCINT-8557: 
    When contactMatches' length equals to 1
    Then ContactDisplay display its phone number
   1`] = `
<div
  className="root"
>
  <div
    className="currentName"
    title="Something1 New1 | RingCentral (209) 231-2939"
  >
    Something1 New1
  </div>
</div>
`;

exports[`<jira id>: RCINT-8557: 
    When contactMatches' length greater than 1
    Then ContactDisplay display its phone number
   1`] = `
<div
  className="root"
>
  <div
    className="root select noPadding"
  >
    <div
      className="button button"
      onClick={[Function]}
      title="Something1 New1 | RingCentral (209) 231-2939"
      type="button"
    >
      <span
        className="selectedValue ellipsis selectedValue"
      >
        Something1 New1 | RingCentral
      </span>
      <span
        className="icon icon"
      >
        <i
          className="arrow"
        />
      </span>
    </div>
    <ul
      className="dropdown placeholder"
    >
      <li
        className="dropdownItem left ellipsis placeholder"
        onClick={[Function]}
        title="(209) 231-2939"
        value="-1"
      >
        Select matching
      </li>
      <li
        className="dropdownItem left ellipsis placeholder"
        onClick={[Function]}
        title="Something1 New1 | RingCentral (209) 231-2939"
        value="0"
      >
        <span>
          Something1 New1
        </span>
      </li>
      <li
        className="dropdownItem left ellipsis placeholder"
        onClick={[Function]}
        title="Something2 New2 | RingCentral (209) 231-2939"
        value="1"
      >
        <span>
          Something2 New2
        </span>
      </li>
    </ul>
  </div>
</div>
`;
